
R version 4.4.1 (2024-06-14 ucrt) -- "Race for Your Life"
Copyright (C) 2024 The R Foundation for Statistical Computing
Platform: x86_64-w64-mingw32/x64

R is free software and comes with ABSOLUTELY NO WARRANTY.
You are welcome to redistribute it under certain conditions.
Type 'license()' or 'licence()' for distribution details.

  Natural language support but running in an English locale

R is a collaborative project with many contributors.
Type 'contributors()' for more information and
'citation()' on how to cite R or R packages in publications.

Type 'demo()' for some demos, 'help()' for on-line help, or
'help.start()' for an HTML browser interface to help.
Type 'q()' to quit R.

> pkgname <- "descriptr"
> source(file.path(R.home("share"), "R", "examples-header.R"))
> options(warn = 1)
> options(pager = "console")
> library('descriptr')
> 
> base::assign(".oldSearch", base::search(), pos = 'CheckExEnv')
> base::assign(".old_wd", base::getwd(), pos = 'CheckExEnv')
> cleanEx()
> nameEx("ds_auto_freq_table")
> ### * ds_auto_freq_table
> 
> flush(stderr()); flush(stdout())
> 
> ### Name: ds_auto_freq_table
> ### Title: Multiple One & Two Way Tables
> ### Aliases: ds_auto_freq_table ds_auto_cross_table ds_tway_tables
> ###   ds_oway_tables
> 
> ### ** Examples
> 
> # multiple one way tables
> ds_auto_freq_table(mtcarz)
                             Variable: cyl                              
-----------------------------------------------------------------------
Levels     Frequency    Cum Frequency       Percent        Cum Percent  
-----------------------------------------------------------------------
   4          11             11              34.38            34.38    
-----------------------------------------------------------------------
   6           7             18              21.88            56.25    
-----------------------------------------------------------------------
   8          14             32              43.75             100     
-----------------------------------------------------------------------
 Total        32              -             100.00              -      
-----------------------------------------------------------------------

                             Variable: vs                               
-----------------------------------------------------------------------
Levels     Frequency    Cum Frequency       Percent        Cum Percent  
-----------------------------------------------------------------------
   0          18             18              56.25            56.25    
-----------------------------------------------------------------------
   1          14             32              43.75             100     
-----------------------------------------------------------------------
 Total        32              -             100.00              -      
-----------------------------------------------------------------------

                             Variable: am                               
-----------------------------------------------------------------------
Levels     Frequency    Cum Frequency       Percent        Cum Percent  
-----------------------------------------------------------------------
   0          19             19              59.38            59.38    
-----------------------------------------------------------------------
   1          13             32              40.62             100     
-----------------------------------------------------------------------
 Total        32              -             100.00              -      
-----------------------------------------------------------------------

                            Variable: gear                              
-----------------------------------------------------------------------
Levels     Frequency    Cum Frequency       Percent        Cum Percent  
-----------------------------------------------------------------------
   3          15             15              46.88            46.88    
-----------------------------------------------------------------------
   4          12             27              37.5             84.38    
-----------------------------------------------------------------------
   5           5             32              15.62             100     
-----------------------------------------------------------------------
 Total        32              -             100.00              -      
-----------------------------------------------------------------------

                            Variable: carb                              
-----------------------------------------------------------------------
Levels     Frequency    Cum Frequency       Percent        Cum Percent  
-----------------------------------------------------------------------
   1           7              7              21.88            21.88    
-----------------------------------------------------------------------
   2          10             17              31.25            53.12    
-----------------------------------------------------------------------
   3           3             20              9.38             62.5     
-----------------------------------------------------------------------
   4          10             30              31.25            93.75    
-----------------------------------------------------------------------
   6           1             31              3.12             96.88    
-----------------------------------------------------------------------
   8           1             32              3.12              100     
-----------------------------------------------------------------------
 Total        32              -             100.00              -      
-----------------------------------------------------------------------

> ds_auto_freq_table(mtcarz, cyl, gear)
                             Variable: cyl                              
-----------------------------------------------------------------------
Levels     Frequency    Cum Frequency       Percent        Cum Percent  
-----------------------------------------------------------------------
   4          11             11              34.38            34.38    
-----------------------------------------------------------------------
   6           7             18              21.88            56.25    
-----------------------------------------------------------------------
   8          14             32              43.75             100     
-----------------------------------------------------------------------
 Total        32              -             100.00              -      
-----------------------------------------------------------------------

                            Variable: gear                              
-----------------------------------------------------------------------
Levels     Frequency    Cum Frequency       Percent        Cum Percent  
-----------------------------------------------------------------------
   3          15             15              46.88            46.88    
-----------------------------------------------------------------------
   4          12             27              37.5             84.38    
-----------------------------------------------------------------------
   5           5             32              15.62             100     
-----------------------------------------------------------------------
 Total        32              -             100.00              -      
-----------------------------------------------------------------------

> 
> # multiple two way tables
> ds_auto_cross_table(mtcarz)
    Cell Contents
 |---------------|
 |     Frequency |
 |       Percent |
 |       Row Pct |
 |       Col Pct |
 |---------------|

 Total Observations:  32 

                         cyl vs vs                           
-------------------------------------------------------------
|              |                     vs                     |
-------------------------------------------------------------
|          cyl |            0 |            1 |    Row Total |
-------------------------------------------------------------
|            4 |            1 |           10 |           11 |
|              |        0.031 |        0.312 |              |
|              |         0.09 |         0.91 |         0.34 |
|              |         0.06 |         0.71 |              |
-------------------------------------------------------------
|            6 |            3 |            4 |            7 |
|              |        0.094 |        0.125 |              |
|              |         0.43 |         0.57 |         0.22 |
|              |         0.17 |         0.29 |              |
-------------------------------------------------------------
|            8 |           14 |            0 |           14 |
|              |        0.438 |            0 |              |
|              |            1 |            0 |         0.44 |
|              |         0.78 |            0 |              |
-------------------------------------------------------------
| Column Total |           18 |           14 |           32 |
|              |        0.563 |        0.437 |              |
-------------------------------------------------------------


                         cyl vs am                           
-------------------------------------------------------------
|              |                     am                     |
-------------------------------------------------------------
|          cyl |            0 |            1 |    Row Total |
-------------------------------------------------------------
|            4 |            3 |            8 |           11 |
|              |        0.094 |         0.25 |              |
|              |         0.27 |         0.73 |         0.34 |
|              |         0.16 |         0.62 |              |
-------------------------------------------------------------
|            6 |            4 |            3 |            7 |
|              |        0.125 |        0.094 |              |
|              |         0.57 |         0.43 |         0.22 |
|              |         0.21 |         0.23 |              |
-------------------------------------------------------------
|            8 |           12 |            2 |           14 |
|              |        0.375 |        0.062 |              |
|              |         0.86 |         0.14 |         0.44 |
|              |         0.63 |         0.15 |              |
-------------------------------------------------------------
| Column Total |           19 |           13 |           32 |
|              |        0.594 |        0.406 |              |
-------------------------------------------------------------


                                cyl vs gear                                 
----------------------------------------------------------------------------
|              |                           gear                            |
----------------------------------------------------------------------------
|          cyl |            3 |            4 |            5 |    Row Total |
----------------------------------------------------------------------------
|            4 |            1 |            8 |            2 |           11 |
|              |        0.031 |         0.25 |        0.062 |              |
|              |         0.09 |         0.73 |         0.18 |         0.34 |
|              |         0.07 |         0.67 |          0.4 |              |
----------------------------------------------------------------------------
|            6 |            2 |            4 |            1 |            7 |
|              |        0.062 |        0.125 |        0.031 |              |
|              |         0.29 |         0.57 |         0.14 |         0.22 |
|              |         0.13 |         0.33 |          0.2 |              |
----------------------------------------------------------------------------
|            8 |           12 |            0 |            2 |           14 |
|              |        0.375 |            0 |        0.062 |              |
|              |         0.86 |            0 |         0.14 |         0.44 |
|              |          0.8 |            0 |          0.4 |              |
----------------------------------------------------------------------------
| Column Total |           15 |           12 |            5 |           32 |
|              |        0.468 |        0.375 |        0.155 |              |
----------------------------------------------------------------------------


                                                      cyl vs carb                                                        
-------------------------------------------------------------------------------------------------------------------------
|              |                                                  carb                                                  |
-------------------------------------------------------------------------------------------------------------------------
|          cyl |            1 |            2 |            3 |            4 |            6 |            8 |    Row Total |
-------------------------------------------------------------------------------------------------------------------------
|            4 |            5 |            6 |            0 |            0 |            0 |            0 |           11 |
|              |        0.156 |        0.188 |            0 |            0 |            0 |            0 |              |
|              |         0.45 |         0.55 |            0 |            0 |            0 |            0 |         0.34 |
|              |         0.71 |          0.6 |            0 |            0 |            0 |            0 |              |
-------------------------------------------------------------------------------------------------------------------------
|            6 |            2 |            0 |            0 |            4 |            1 |            0 |            7 |
|              |        0.062 |            0 |            0 |        0.125 |        0.031 |            0 |              |
|              |         0.29 |            0 |            0 |         0.57 |         0.14 |            0 |         0.22 |
|              |         0.29 |            0 |            0 |          0.4 |            1 |            0 |              |
-------------------------------------------------------------------------------------------------------------------------
|            8 |            0 |            4 |            3 |            6 |            0 |            1 |           14 |
|              |            0 |        0.125 |        0.094 |        0.188 |            0 |        0.031 |              |
|              |            0 |         0.29 |         0.21 |         0.43 |            0 |         0.07 |         0.44 |
|              |            0 |          0.4 |            1 |          0.6 |            0 |            1 |              |
-------------------------------------------------------------------------------------------------------------------------
| Column Total |            7 |           10 |            3 |           10 |            1 |            1 |           32 |
|              |        0.218 |        0.313 |        0.094 |        0.313 |        0.031 |        0.031 |              |
-------------------------------------------------------------------------------------------------------------------------


                          vs vs am                           
-------------------------------------------------------------
|              |                     am                     |
-------------------------------------------------------------
|           vs |            0 |            1 |    Row Total |
-------------------------------------------------------------
|            0 |           12 |            6 |           18 |
|              |        0.375 |        0.188 |              |
|              |         0.67 |         0.33 |         0.56 |
|              |         0.63 |         0.46 |              |
-------------------------------------------------------------
|            1 |            7 |            7 |           14 |
|              |        0.219 |        0.219 |              |
|              |          0.5 |          0.5 |         0.44 |
|              |         0.37 |         0.54 |              |
-------------------------------------------------------------
| Column Total |           19 |           13 |           32 |
|              |        0.594 |        0.407 |              |
-------------------------------------------------------------


                                vs vs gear                                  
----------------------------------------------------------------------------
|              |                           gear                            |
----------------------------------------------------------------------------
|           vs |            3 |            4 |            5 |    Row Total |
----------------------------------------------------------------------------
|            0 |           12 |            2 |            4 |           18 |
|              |        0.375 |        0.062 |        0.125 |              |
|              |         0.67 |         0.11 |         0.22 |         0.56 |
|              |          0.8 |         0.17 |          0.8 |              |
----------------------------------------------------------------------------
|            1 |            3 |           10 |            1 |           14 |
|              |        0.094 |        0.312 |        0.031 |              |
|              |         0.21 |         0.71 |         0.07 |         0.44 |
|              |          0.2 |         0.83 |          0.2 |              |
----------------------------------------------------------------------------
| Column Total |           15 |           12 |            5 |           32 |
|              |        0.469 |        0.374 |        0.156 |              |
----------------------------------------------------------------------------


                                                       vs vs carb                                                        
-------------------------------------------------------------------------------------------------------------------------
|              |                                                  carb                                                  |
-------------------------------------------------------------------------------------------------------------------------
|           vs |            1 |            2 |            3 |            4 |            6 |            8 |    Row Total |
-------------------------------------------------------------------------------------------------------------------------
|            0 |            0 |            5 |            3 |            8 |            1 |            1 |           18 |
|              |            0 |        0.156 |        0.094 |         0.25 |        0.031 |        0.031 |              |
|              |            0 |         0.28 |         0.17 |         0.44 |         0.06 |         0.06 |         0.56 |
|              |            0 |          0.5 |            1 |          0.8 |            1 |            1 |              |
-------------------------------------------------------------------------------------------------------------------------
|            1 |            7 |            5 |            0 |            2 |            0 |            0 |           14 |
|              |        0.219 |        0.156 |            0 |        0.062 |            0 |            0 |              |
|              |          0.5 |         0.36 |            0 |         0.14 |            0 |            0 |         0.44 |
|              |            1 |          0.5 |            0 |          0.2 |            0 |            0 |              |
-------------------------------------------------------------------------------------------------------------------------
| Column Total |            7 |           10 |            3 |           10 |            1 |            1 |           32 |
|              |        0.219 |        0.312 |        0.094 |        0.312 |        0.031 |        0.031 |              |
-------------------------------------------------------------------------------------------------------------------------


                                am vs gear                                  
----------------------------------------------------------------------------
|              |                           gear                            |
----------------------------------------------------------------------------
|           am |            3 |            4 |            5 |    Row Total |
----------------------------------------------------------------------------
|            0 |           15 |            4 |            0 |           19 |
|              |        0.469 |        0.125 |            0 |              |
|              |         0.79 |         0.21 |            0 |         0.59 |
|              |            1 |         0.33 |            0 |              |
----------------------------------------------------------------------------
|            1 |            0 |            8 |            5 |           13 |
|              |            0 |         0.25 |        0.156 |              |
|              |            0 |         0.62 |         0.38 |         0.41 |
|              |            0 |         0.67 |            1 |              |
----------------------------------------------------------------------------
| Column Total |           15 |           12 |            5 |           32 |
|              |        0.469 |        0.375 |        0.156 |              |
----------------------------------------------------------------------------


                                                       am vs carb                                                        
-------------------------------------------------------------------------------------------------------------------------
|              |                                                  carb                                                  |
-------------------------------------------------------------------------------------------------------------------------
|           am |            1 |            2 |            3 |            4 |            6 |            8 |    Row Total |
-------------------------------------------------------------------------------------------------------------------------
|            0 |            3 |            6 |            3 |            7 |            0 |            0 |           19 |
|              |        0.094 |        0.188 |        0.094 |        0.219 |            0 |            0 |              |
|              |         0.16 |         0.32 |         0.16 |         0.37 |            0 |            0 |          0.6 |
|              |         0.43 |          0.6 |            1 |          0.7 |            0 |            0 |              |
-------------------------------------------------------------------------------------------------------------------------
|            1 |            4 |            4 |            0 |            3 |            1 |            1 |           13 |
|              |        0.125 |        0.125 |            0 |        0.094 |        0.031 |        0.031 |              |
|              |         0.31 |         0.31 |            0 |         0.23 |         0.08 |         0.08 |         0.41 |
|              |         0.57 |          0.4 |            0 |          0.3 |            1 |            1 |              |
-------------------------------------------------------------------------------------------------------------------------
| Column Total |            7 |           10 |            3 |           10 |            1 |            1 |           32 |
|              |        0.219 |        0.313 |        0.094 |        0.313 |        0.031 |        0.031 |              |
-------------------------------------------------------------------------------------------------------------------------


                                                      gear vs carb                                                       
-------------------------------------------------------------------------------------------------------------------------
|              |                                                  carb                                                  |
-------------------------------------------------------------------------------------------------------------------------
|         gear |            1 |            2 |            3 |            4 |            6 |            8 |    Row Total |
-------------------------------------------------------------------------------------------------------------------------
|            3 |            3 |            4 |            3 |            5 |            0 |            0 |           15 |
|              |        0.094 |        0.125 |        0.094 |        0.156 |            0 |            0 |              |
|              |          0.2 |         0.27 |          0.2 |         0.33 |            0 |            0 |         0.47 |
|              |         0.43 |          0.4 |            1 |          0.5 |            0 |            0 |              |
-------------------------------------------------------------------------------------------------------------------------
|            4 |            4 |            4 |            0 |            4 |            0 |            0 |           12 |
|              |        0.125 |        0.125 |            0 |        0.125 |            0 |            0 |              |
|              |         0.33 |         0.33 |            0 |         0.33 |            0 |            0 |         0.38 |
|              |         0.57 |          0.4 |            0 |          0.4 |            0 |            0 |              |
-------------------------------------------------------------------------------------------------------------------------
|            5 |            0 |            2 |            0 |            1 |            1 |            1 |            5 |
|              |            0 |        0.062 |            0 |        0.031 |        0.031 |        0.031 |              |
|              |            0 |          0.4 |            0 |          0.2 |          0.2 |          0.2 |         0.16 |
|              |            0 |          0.2 |            0 |          0.1 |            1 |            1 |              |
-------------------------------------------------------------------------------------------------------------------------
| Column Total |            7 |           10 |            3 |           10 |            1 |            1 |           32 |
|              |        0.219 |        0.312 |        0.094 |        0.312 |        0.031 |        0.031 |              |
-------------------------------------------------------------------------------------------------------------------------


> ds_auto_cross_table(mtcarz, cyl, gear, am)
    Cell Contents
 |---------------|
 |     Frequency |
 |       Percent |
 |       Row Pct |
 |       Col Pct |
 |---------------|

 Total Observations:  32 

                                cyl vs gear                                 
----------------------------------------------------------------------------
|              |                           gear                            |
----------------------------------------------------------------------------
|          cyl |            3 |            4 |            5 |    Row Total |
----------------------------------------------------------------------------
|            4 |            1 |            8 |            2 |           11 |
|              |        0.031 |         0.25 |        0.062 |              |
|              |         0.09 |         0.73 |         0.18 |         0.34 |
|              |         0.07 |         0.67 |          0.4 |              |
----------------------------------------------------------------------------
|            6 |            2 |            4 |            1 |            7 |
|              |        0.062 |        0.125 |        0.031 |              |
|              |         0.29 |         0.57 |         0.14 |         0.22 |
|              |         0.13 |         0.33 |          0.2 |              |
----------------------------------------------------------------------------
|            8 |           12 |            0 |            2 |           14 |
|              |        0.375 |            0 |        0.062 |              |
|              |         0.86 |            0 |         0.14 |         0.44 |
|              |          0.8 |            0 |          0.4 |              |
----------------------------------------------------------------------------
| Column Total |           15 |           12 |            5 |           32 |
|              |        0.468 |        0.375 |        0.155 |              |
----------------------------------------------------------------------------


                         cyl vs am                           
-------------------------------------------------------------
|              |                     am                     |
-------------------------------------------------------------
|          cyl |            0 |            1 |    Row Total |
-------------------------------------------------------------
|            4 |            3 |            8 |           11 |
|              |        0.094 |         0.25 |              |
|              |         0.27 |         0.73 |         0.34 |
|              |         0.16 |         0.62 |              |
-------------------------------------------------------------
|            6 |            4 |            3 |            7 |
|              |        0.125 |        0.094 |              |
|              |         0.57 |         0.43 |         0.22 |
|              |         0.21 |         0.23 |              |
-------------------------------------------------------------
|            8 |           12 |            2 |           14 |
|              |        0.375 |        0.062 |              |
|              |         0.86 |         0.14 |         0.44 |
|              |         0.63 |         0.15 |              |
-------------------------------------------------------------
| Column Total |           19 |           13 |           32 |
|              |        0.594 |        0.406 |              |
-------------------------------------------------------------


                         gear vs am                          
-------------------------------------------------------------
|              |                     am                     |
-------------------------------------------------------------
|         gear |            0 |            1 |    Row Total |
-------------------------------------------------------------
|            3 |           15 |            0 |           15 |
|              |        0.469 |            0 |              |
|              |            1 |            0 |         0.47 |
|              |         0.79 |            0 |              |
-------------------------------------------------------------
|            4 |            4 |            8 |           12 |
|              |        0.125 |         0.25 |              |
|              |         0.33 |         0.67 |         0.38 |
|              |         0.21 |         0.62 |              |
-------------------------------------------------------------
|            5 |            0 |            5 |            5 |
|              |            0 |        0.156 |              |
|              |            0 |            1 |         0.16 |
|              |            0 |         0.38 |              |
-------------------------------------------------------------
| Column Total |           19 |           13 |           32 |
|              |        0.594 |        0.406 |              |
-------------------------------------------------------------


> 
> 
> 
> cleanEx()
> nameEx("ds_auto_group_summary")
> ### * ds_auto_group_summary
> 
> flush(stderr()); flush(stdout())
> 
> ### Name: ds_auto_group_summary
> ### Title: Tabulation
> ### Aliases: ds_auto_group_summary
> 
> ### ** Examples
> 
> ds_auto_group_summary(mtcarz, cyl, gear, mpg, disp)
                                       mpg by cyl                                         
-----------------------------------------------------------------------------------------
|     Statistic/Levels|                    4|                    6|                    8|
-----------------------------------------------------------------------------------------
|                  Obs|                   11|                    7|                   14|
|              Minimum|                 21.4|                 17.8|                 10.4|
|              Maximum|                 33.9|                 21.4|                 19.2|
|                 Mean|                26.66|                19.74|                 15.1|
|               Median|                   26|                 19.7|                 15.2|
|                 Mode|                 22.8|                   21|                 10.4|
|       Std. Deviation|                 4.51|                 1.45|                 2.56|
|             Variance|                20.34|                 2.11|                 6.55|
|             Skewness|                 0.35|                -0.26|                -0.46|
|             Kurtosis|                -1.43|                -1.83|                 0.33|
|       Uncorrected SS|              8023.83|              2741.14|              3277.34|
|         Corrected SS|               203.39|                12.68|                 85.2|
|      Coeff Variation|                16.91|                 7.36|                16.95|
|      Std. Error Mean|                 1.36|                 0.55|                 0.68|
|                Range|                 12.5|                  3.6|                  8.8|
|  Interquartile Range|                  7.6|                 2.35|                 1.85|
-----------------------------------------------------------------------------------------



                                       mpg by gear                                        
-----------------------------------------------------------------------------------------
|     Statistic/Levels|                    3|                    4|                    5|
-----------------------------------------------------------------------------------------
|                  Obs|                   15|                   12|                    5|
|              Minimum|                 10.4|                 17.8|                   15|
|              Maximum|                 21.5|                 33.9|                 30.4|
|                 Mean|                16.11|                24.53|                21.38|
|               Median|                 15.5|                 22.8|                 19.7|
|                 Mode|                 10.4|                   21|                   15|
|       Std. Deviation|                 3.37|                 5.28|                 6.66|
|             Variance|                11.37|                27.84|                44.34|
|             Skewness|                -0.09|                  0.7|                 0.56|
|             Kurtosis|                -0.38|                -0.77|                -1.83|
|       Uncorrected SS|              4050.52|               7528.9|              2462.89|
|         Corrected SS|               159.15|               306.29|               177.37|
|      Coeff Variation|                20.93|                21.51|                31.15|
|      Std. Error Mean|                 0.87|                 1.52|                 2.98|
|                Range|                 11.1|                 16.1|                 15.4|
|  Interquartile Range|                  3.9|                 7.08|                 10.2|
-----------------------------------------------------------------------------------------



                                       disp by cyl                                        
-----------------------------------------------------------------------------------------
|     Statistic/Levels|                    4|                    6|                    8|
-----------------------------------------------------------------------------------------
|                  Obs|                   11|                    7|                   14|
|              Minimum|                 71.1|                  145|                275.8|
|              Maximum|                146.7|                  258|                  472|
|                 Mean|               105.14|               183.31|                353.1|
|               Median|                  108|                167.6|                350.5|
|                 Mode|                 71.1|                  160|                275.8|
|       Std. Deviation|                26.87|                41.56|                67.77|
|             Variance|               722.08|              1727.44|              4592.95|
|             Skewness|                 0.16|                  1.3|                 0.57|
|             Kurtosis|                -1.41|                 0.39|                -0.86|
|       Uncorrected SS|               128811|             245593.5|              1805223|
|         Corrected SS|              7220.83|             10364.63|             59708.38|
|      Coeff Variation|                25.56|                22.67|                19.19|
|      Std. Error Mean|                  8.1|                15.71|                18.11|
|                Range|                 75.6|                  113|                196.2|
|  Interquartile Range|                 41.8|                 36.3|                88.25|
-----------------------------------------------------------------------------------------



                                      disp by gear                                        
-----------------------------------------------------------------------------------------
|     Statistic/Levels|                    3|                    4|                    5|
-----------------------------------------------------------------------------------------
|                  Obs|                   15|                   12|                    5|
|              Minimum|                120.1|                 71.1|                 95.1|
|              Maximum|                  472|                167.6|                  351|
|                 Mean|                326.3|               123.02|               202.48|
|               Median|                  318|                130.9|                  145|
|                 Mode|                275.8|                  160|                 95.1|
|       Std. Deviation|                94.85|                38.91|               115.49|
|             Variance|              8997.04|              1513.93|             13338.09|
|             Skewness|                 -0.3|                -0.23|                 0.61|
|             Kurtosis|                  0.2|                -1.83|                -2.59|
|       Uncorrected SS|              1723034|             198250.4|             258343.1|
|         Corrected SS|             125958.6|             16653.24|             53352.35|
|      Coeff Variation|                29.07|                31.63|                57.04|
|      Std. Error Mean|                24.49|                11.23|                51.65|
|                Range|                351.9|                 96.5|                255.9|
|  Interquartile Range|                104.2|                81.08|                180.7|
-----------------------------------------------------------------------------------------



> 
> 
> 
> 
> cleanEx()
> nameEx("ds_auto_summary_stats")
> ### * ds_auto_summary_stats
> 
> flush(stderr()); flush(stdout())
> 
> ### Name: ds_auto_summary_stats
> ### Title: Descriptive statistics and frquency tables
> ### Aliases: ds_auto_summary_stats
> 
> ### ** Examples
> 
> ds_auto_summary_stats(mtcarz)
-------------------------------- Variable: mpg --------------------------------

------------------------------ Summary Statistics ------------------------------

-------------------------------- Variable: mpg --------------------------------

                        Univariate Analysis                          

 N                       32.00      Variance                36.32 
 Missing                  0.00      Std Deviation            6.03 
 Mean                    20.09      Range                   23.50 
 Median                  19.20      Interquartile Range      7.38 
 Mode                    10.40      Uncorrected SS       14042.31 
 Trimmed Mean            19.95      Corrected SS          1126.05 
 Skewness                 0.67      Coeff Variation         30.00 
 Kurtosis                -0.02      Std Error Mean           1.07 

                              Quantiles                               

              Quantile                            Value                

             Max                                  33.90                
             99%                                  33.44                
             95%                                  31.30                
             90%                                  30.09                
             Q3                                   22.80                
             Median                               19.20                
             Q1                                   15.43                
             10%                                  14.34                
             5%                                   12.00                
             1%                                   10.40                
             Min                                  10.40                

                            Extreme Values                            

                Low                                High                

  Obs                        Value       Obs                        Value 
  15                         10.4        20                         33.9  
  16                         10.4        18                         32.4  
  24                         13.3        19                         30.4  
   7                         14.3        28                         30.4  
  17                         14.7        26                         27.3  



NULL


---------------------------- Frequency Distribution ----------------------------

                              Variable: mpg                               
|-----------------------------------------------------------------------|
|    Bins     | Frequency | Cum Frequency |   Percent    | Cum Percent  |
|-----------------------------------------------------------------------|
| 10.4 - 15.1 |     6     |       6       |    18.75     |    18.75     |
|-----------------------------------------------------------------------|
| 15.1 - 19.8 |    12     |      18       |     37.5     |    56.25     |
|-----------------------------------------------------------------------|
| 19.8 - 24.5 |     8     |      26       |      25      |    81.25     |
|-----------------------------------------------------------------------|
| 24.5 - 29.2 |     2     |      28       |     6.25     |     87.5     |
|-----------------------------------------------------------------------|
| 29.2 - 33.9 |     4     |      32       |     12.5     |     100      |
|-----------------------------------------------------------------------|
|    Total    |    32     |       -       |    100.00    |      -       |
|-----------------------------------------------------------------------|


-------------------------------- Variable: disp --------------------------------

------------------------------ Summary Statistics ------------------------------

-------------------------------- Variable: disp --------------------------------

                          Univariate Analysis                            

 N                         32.00      Variance               15360.80 
 Missing                    0.00      Std Deviation            123.94 
 Mean                     230.72      Range                    400.90 
 Median                   196.30      Interquartile Range      205.18 
 Mode                     275.80      Uncorrected SS       2179627.47 
 Trimmed Mean             228.00      Corrected SS          476184.79 
 Skewness                   0.42      Coeff Variation           53.72 
 Kurtosis                  -1.07      Std Error Mean            21.91 

                                Quantiles                                 

               Quantile                              Value                 

              Max                                    472.00                
              99%                                    468.28                
              95%                                    449.00                
              90%                                    396.00                
              Q3                                     326.00                
              Median                                 196.30                
              Q1                                     120.83                
              10%                                    80.61                 
              5%                                     77.35                 
              1%                                     72.53                 
              Min                                    71.10                 

                              Extreme Values                              

                 Low                                  High                 

  Obs                          Value       Obs                          Value 
  20                           71.1        15                            472  
  19                           75.7        16                            460  
  18                           78.7        17                            440  
  26                            79         25                            400  
  28                           95.1         5                            360  



NULL


---------------------------- Frequency Distribution ----------------------------

                               Variable: disp                                 
|---------------------------------------------------------------------------|
|      Bins       | Frequency | Cum Frequency |   Percent    | Cum Percent  |
|---------------------------------------------------------------------------|
|  71.1  - 151.3  |    12     |      12       |     37.5     |     37.5     |
|---------------------------------------------------------------------------|
| 151.3  - 231.5  |     5     |      17       |    15.62     |    53.12     |
|---------------------------------------------------------------------------|
| 231.5  - 311.6  |     6     |      23       |    18.75     |    71.88     |
|---------------------------------------------------------------------------|
| 311.6  - 391.8  |     5     |      28       |    15.62     |     87.5     |
|---------------------------------------------------------------------------|
| 391.8  -  472   |     4     |      32       |     12.5     |     100      |
|---------------------------------------------------------------------------|
|      Total      |    32     |       -       |    100.00    |      -       |
|---------------------------------------------------------------------------|


--------------------------------- Variable: hp ---------------------------------

------------------------------ Summary Statistics ------------------------------

--------------------------------- Variable: hp ---------------------------------

                         Univariate Analysis                           

 N                        32.00      Variance               4700.87 
 Missing                   0.00      Std Deviation            68.56 
 Mean                    146.69      Range                   283.00 
 Median                  123.00      Interquartile Range      83.50 
 Mode                    110.00      Uncorrected SS       834278.00 
 Trimmed Mean            143.57      Corrected SS         145726.88 
 Skewness                  0.80      Coeff Variation          46.74 
 Kurtosis                  0.28      Std Error Mean           12.12 

                               Quantiles                                

              Quantile                              Value                

             Max                                   335.00                
             99%                                   312.99                
             95%                                   253.55                
             90%                                   243.50                
             Q3                                    180.00                
             Median                                123.00                
             Q1                                     96.50                
             10%                                    66.00                
             5%                                     63.65                
             1%                                     55.10                
             Min                                    52.00                

                             Extreme Values                             

                 Low                                High                 

  Obs                         Value       Obs                         Value 
  19                           52         31                           335  
   8                           62         29                           264  
  20                           65          7                           245  
  18                           66         24                           245  
  26                           66         17                           230  



NULL


---------------------------- Frequency Distribution ----------------------------

                               Variable: hp                                 
|-------------------------------------------------------------------------|
|     Bins      | Frequency | Cum Frequency |   Percent    | Cum Percent  |
|-------------------------------------------------------------------------|
|  52   - 108.6 |    10     |      10       |    31.25     |    31.25     |
|-------------------------------------------------------------------------|
| 108.6 - 165.2 |     9     |      19       |    28.12     |    59.38     |
|-------------------------------------------------------------------------|
| 165.2 - 221.8 |     8     |      27       |      25      |    84.38     |
|-------------------------------------------------------------------------|
| 221.8 - 278.4 |     4     |      31       |     12.5     |    96.88     |
|-------------------------------------------------------------------------|
| 278.4 -  335  |     1     |      32       |     3.12     |     100      |
|-------------------------------------------------------------------------|
|     Total     |    32     |       -       |    100.00    |      -       |
|-------------------------------------------------------------------------|


-------------------------------- Variable: drat --------------------------------

------------------------------ Summary Statistics ------------------------------

-------------------------------- Variable: drat --------------------------------

                        Univariate Analysis                          

 N                       32.00      Variance                 0.29 
 Missing                  0.00      Std Deviation            0.53 
 Mean                     3.60      Range                    2.17 
 Median                   3.70      Interquartile Range      0.84 
 Mode                     3.07      Uncorrected SS         422.79 
 Trimmed Mean             3.58      Corrected SS             8.86 
 Skewness                 0.29      Coeff Variation         14.87 
 Kurtosis                -0.45      Std Error Mean           0.09 

                              Quantiles                               

              Quantile                            Value                

             Max                                   4.93                
             99%                                   4.78                
             95%                                   4.31                
             90%                                   4.21                
             Q3                                    3.92                
             Median                                3.70                
             Q1                                    3.08                
             10%                                   3.01                
             5%                                    2.85                
             1%                                    2.76                
             Min                                   2.76                

                            Extreme Values                            

                Low                                High                

  Obs                        Value       Obs                        Value 
   6                         2.76        19                         4.93  
  22                         2.76        27                         4.43  
  15                         2.93        20                         4.22  
  16                           3         29                         4.22  
  12                         3.07        32                         4.11  



NULL


---------------------------- Frequency Distribution ----------------------------

                              Variable: drat                                
|-------------------------------------------------------------------------|
|     Bins      | Frequency | Cum Frequency |   Percent    | Cum Percent  |
|-------------------------------------------------------------------------|
|  2.8  -  3.2  |    11     |      11       |    34.38     |    34.38     |
|-------------------------------------------------------------------------|
|  3.2  -  3.6  |     4     |      15       |     12.5     |    46.88     |
|-------------------------------------------------------------------------|
|  3.6  -  4.1  |    10     |      25       |    31.25     |    78.12     |
|-------------------------------------------------------------------------|
|  4.1  -  4.5  |     6     |      31       |    18.75     |    96.88     |
|-------------------------------------------------------------------------|
|  4.5  -  4.9  |     1     |      32       |     3.12     |     100      |
|-------------------------------------------------------------------------|
|     Total     |    32     |       -       |    100.00    |      -       |
|-------------------------------------------------------------------------|


--------------------------------- Variable: wt ---------------------------------

------------------------------ Summary Statistics ------------------------------

--------------------------------- Variable: wt ---------------------------------

                        Univariate Analysis                          

 N                       32.00      Variance                 0.96 
 Missing                  0.00      Std Deviation            0.98 
 Mean                     3.22      Range                    3.91 
 Median                   3.33      Interquartile Range      1.03 
 Mode                     3.44      Uncorrected SS         360.90 
 Trimmed Mean             3.20      Corrected SS            29.68 
 Skewness                 0.47      Coeff Variation         30.41 
 Kurtosis                 0.42      Std Error Mean           0.17 

                              Quantiles                               

              Quantile                            Value                

             Max                                   5.42                
             99%                                   5.40                
             95%                                   5.29                
             90%                                   4.05                
             Q3                                    3.61                
             Median                                3.33                
             Q1                                    2.58                
             10%                                   1.96                
             5%                                    1.74                
             1%                                    1.54                
             Min                                   1.51                

                            Extreme Values                            

                Low                                High                

  Obs                        Value       Obs                        Value 
  28                         1.513       16                         5.424 
  19                         1.615       17                         5.345 
  20                         1.835       15                         5.25  
  26                         1.935       12                         4.07  
  27                         2.14        25                         3.845 



NULL


---------------------------- Frequency Distribution ----------------------------

                                Variable: wt                                  
|---------------------------------------------------------------------------|
|      Bins       | Frequency | Cum Frequency |   Percent    | Cum Percent  |
|---------------------------------------------------------------------------|
|  1.5   -  2.3   |     6     |       6       |    18.75     |    18.75     |
|---------------------------------------------------------------------------|
|  2.3   -  3.1   |     6     |      12       |    18.75     |     37.5     |
|---------------------------------------------------------------------------|
|  3.1   -  3.9   |    16     |      28       |      50      |     87.5     |
|---------------------------------------------------------------------------|
|  3.9   -  4.6   |     1     |      29       |     3.12     |    90.62     |
|---------------------------------------------------------------------------|
|  4.6   -  5.4   |     3     |      32       |     9.38     |     100      |
|---------------------------------------------------------------------------|
|      Total      |    32     |       -       |    100.00    |      -       |
|---------------------------------------------------------------------------|


-------------------------------- Variable: qsec --------------------------------

------------------------------ Summary Statistics ------------------------------

-------------------------------- Variable: qsec --------------------------------

                        Univariate Analysis                          

 N                       32.00      Variance                 3.19 
 Missing                  0.00      Std Deviation            1.79 
 Mean                    17.85      Range                    8.40 
 Median                  17.71      Interquartile Range      2.01 
 Mode                    17.02      Uncorrected SS       10293.48 
 Trimmed Mean            17.79      Corrected SS            98.99 
 Skewness                 0.41      Coeff Variation         10.01 
 Kurtosis                 0.86      Std Error Mean           0.32 

                              Quantiles                               

              Quantile                            Value                

             Max                                  22.90                
             99%                                  22.07                
             95%                                  20.10                
             90%                                  19.99                
             Q3                                   18.90                
             Median                               17.71                
             Q1                                   16.89                
             10%                                  15.53                
             5%                                   15.05                
             1%                                   14.53                
             Min                                  14.50                

                            Extreme Values                            

                Low                                High                

  Obs                        Value       Obs                        Value 
  29                         14.5         9                         22.9  
  31                         14.6         6                         20.22 
  24                         15.41       21                         20.01 
  30                         15.5         8                          20   
   7                         15.84       20                         19.9  



NULL


---------------------------- Frequency Distribution ----------------------------

                              Variable: qsec                                
|-------------------------------------------------------------------------|
|     Bins      | Frequency | Cum Frequency |   Percent    | Cum Percent  |
|-------------------------------------------------------------------------|
| 14.5  - 16.2  |     5     |       5       |    15.62     |    15.62     |
|-------------------------------------------------------------------------|
| 16.2  - 17.9  |    12     |      17       |     37.5     |    53.12     |
|-------------------------------------------------------------------------|
| 17.9  - 19.5  |    10     |      27       |    31.25     |    84.38     |
|-------------------------------------------------------------------------|
| 19.5  - 21.2  |     4     |      31       |     12.5     |    96.88     |
|-------------------------------------------------------------------------|
| 21.2  - 22.9  |     1     |      32       |     3.12     |     100      |
|-------------------------------------------------------------------------|
|     Total     |    32     |       -       |    100.00    |      -       |
|-------------------------------------------------------------------------|


> ds_auto_summary_stats(mtcarz, disp, hp)
-------------------------------- Variable: disp --------------------------------

------------------------------ Summary Statistics ------------------------------

-------------------------------- Variable: disp --------------------------------

                          Univariate Analysis                            

 N                         32.00      Variance               15360.80 
 Missing                    0.00      Std Deviation            123.94 
 Mean                     230.72      Range                    400.90 
 Median                   196.30      Interquartile Range      205.18 
 Mode                     275.80      Uncorrected SS       2179627.47 
 Trimmed Mean             228.00      Corrected SS          476184.79 
 Skewness                   0.42      Coeff Variation           53.72 
 Kurtosis                  -1.07      Std Error Mean            21.91 

                                Quantiles                                 

               Quantile                              Value                 

              Max                                    472.00                
              99%                                    468.28                
              95%                                    449.00                
              90%                                    396.00                
              Q3                                     326.00                
              Median                                 196.30                
              Q1                                     120.83                
              10%                                    80.61                 
              5%                                     77.35                 
              1%                                     72.53                 
              Min                                    71.10                 

                              Extreme Values                              

                 Low                                  High                 

  Obs                          Value       Obs                          Value 
  20                           71.1        15                            472  
  19                           75.7        16                            460  
  18                           78.7        17                            440  
  26                            79         25                            400  
  28                           95.1         5                            360  



NULL


---------------------------- Frequency Distribution ----------------------------

                               Variable: disp                                 
|---------------------------------------------------------------------------|
|      Bins       | Frequency | Cum Frequency |   Percent    | Cum Percent  |
|---------------------------------------------------------------------------|
|  71.1  - 151.3  |    12     |      12       |     37.5     |     37.5     |
|---------------------------------------------------------------------------|
| 151.3  - 231.5  |     5     |      17       |    15.62     |    53.12     |
|---------------------------------------------------------------------------|
| 231.5  - 311.6  |     6     |      23       |    18.75     |    71.88     |
|---------------------------------------------------------------------------|
| 311.6  - 391.8  |     5     |      28       |    15.62     |     87.5     |
|---------------------------------------------------------------------------|
| 391.8  -  472   |     4     |      32       |     12.5     |     100      |
|---------------------------------------------------------------------------|
|      Total      |    32     |       -       |    100.00    |      -       |
|---------------------------------------------------------------------------|


--------------------------------- Variable: hp ---------------------------------

------------------------------ Summary Statistics ------------------------------

--------------------------------- Variable: hp ---------------------------------

                         Univariate Analysis                           

 N                        32.00      Variance               4700.87 
 Missing                   0.00      Std Deviation            68.56 
 Mean                    146.69      Range                   283.00 
 Median                  123.00      Interquartile Range      83.50 
 Mode                    110.00      Uncorrected SS       834278.00 
 Trimmed Mean            143.57      Corrected SS         145726.88 
 Skewness                  0.80      Coeff Variation          46.74 
 Kurtosis                  0.28      Std Error Mean           12.12 

                               Quantiles                                

              Quantile                              Value                

             Max                                   335.00                
             99%                                   312.99                
             95%                                   253.55                
             90%                                   243.50                
             Q3                                    180.00                
             Median                                123.00                
             Q1                                     96.50                
             10%                                    66.00                
             5%                                     63.65                
             1%                                     55.10                
             Min                                    52.00                

                             Extreme Values                             

                 Low                                High                 

  Obs                         Value       Obs                         Value 
  19                           52         31                           335  
   8                           62         29                           264  
  20                           65          7                           245  
  18                           66         24                           245  
  26                           66         17                           230  



NULL


---------------------------- Frequency Distribution ----------------------------

                               Variable: hp                                 
|-------------------------------------------------------------------------|
|     Bins      | Frequency | Cum Frequency |   Percent    | Cum Percent  |
|-------------------------------------------------------------------------|
|  52   - 108.6 |    10     |      10       |    31.25     |    31.25     |
|-------------------------------------------------------------------------|
| 108.6 - 165.2 |     9     |      19       |    28.12     |    59.38     |
|-------------------------------------------------------------------------|
| 165.2 - 221.8 |     8     |      27       |      25      |    84.38     |
|-------------------------------------------------------------------------|
| 221.8 - 278.4 |     4     |      31       |     12.5     |    96.88     |
|-------------------------------------------------------------------------|
| 278.4 -  335  |     1     |      32       |     3.12     |     100      |
|-------------------------------------------------------------------------|
|     Total     |    32     |       -       |    100.00    |      -       |
|-------------------------------------------------------------------------|


> 
> 
> 
> 
> cleanEx()
> nameEx("ds_cross_table")
> ### * ds_cross_table
> 
> flush(stderr()); flush(stdout())
> 
> ### Name: ds_cross_table
> ### Title: Two way table
> ### Aliases: ds_cross_table plot.ds_cross_table ds_twoway_table
> 
> ### ** Examples
> 
> k <- ds_cross_table(mtcarz, cyl, gear)
> k
    Cell Contents
 |---------------|
 |     Frequency |
 |       Percent |
 |       Row Pct |
 |       Col Pct |
 |---------------|

 Total Observations:  32 

----------------------------------------------------------------------------
|              |                           gear                            |
----------------------------------------------------------------------------
|          cyl |            3 |            4 |            5 |    Row Total |
----------------------------------------------------------------------------
|            4 |            1 |            8 |            2 |           11 |
|              |        0.031 |         0.25 |        0.062 |              |
|              |         0.09 |         0.73 |         0.18 |         0.34 |
|              |         0.07 |         0.67 |          0.4 |              |
----------------------------------------------------------------------------
|            6 |            2 |            4 |            1 |            7 |
|              |        0.062 |        0.125 |        0.031 |              |
|              |         0.29 |         0.57 |         0.14 |         0.22 |
|              |         0.13 |         0.33 |          0.2 |              |
----------------------------------------------------------------------------
|            8 |           12 |            0 |            2 |           14 |
|              |        0.375 |            0 |        0.062 |              |
|              |         0.86 |            0 |         0.14 |         0.44 |
|              |          0.8 |            0 |          0.4 |              |
----------------------------------------------------------------------------
| Column Total |           15 |           12 |            5 |           32 |
|              |        0.468 |        0.375 |        0.155 |              |
----------------------------------------------------------------------------
> 
> # bar plots
> plot(k)
> plot(k, stacked = TRUE)
> plot(k, proportional = TRUE)
> 
> # alternate
> ds_twoway_table(mtcarz, cyl, gear)
Joining with `by = join_by(cyl, gear, count)`
# A tibble: 8  6
  cyl   gear  count percent row_percent col_percent
  <fct> <fct> <int>   <dbl>       <dbl>       <dbl>
1 4     3         1  0.0312      0.0909      0.0667
2 4     4         8  0.25        0.727       0.667 
3 4     5         2  0.0625      0.182       0.4   
4 6     3         2  0.0625      0.286       0.133 
5 6     4         4  0.125       0.571       0.333 
6 6     5         1  0.0312      0.143       0.2   
7 8     3        12  0.375       0.857       0.8   
8 8     5         2  0.0625      0.143       0.4   
> 
> 
> 
> 
> cleanEx()
> nameEx("ds_css")
> ### * ds_css
> 
> flush(stderr()); flush(stdout())
> 
> ### Name: ds_css
> ### Title: Corrected Sum of Squares
> ### Aliases: ds_css
> 
> ### ** Examples
> 
> ds_css(mtcars$mpg)
[1] 1126.047
> ds_css(mpg, mtcars)
[1] 1126.047
> 
> 
> 
> cleanEx()
> nameEx("ds_cvar")
> ### * ds_cvar
> 
> flush(stderr()); flush(stdout())
> 
> ### Name: ds_cvar
> ### Title: Coefficient of Variation
> ### Aliases: ds_cvar
> 
> ### ** Examples
> 
> ds_cvar(mtcars$mpg)
[1] 29.99881
> ds_cvar(mpg, mtcars)
[1] 29.99881
> 
> 
> 
> cleanEx()
> nameEx("ds_extreme_obs")
> ### * ds_extreme_obs
> 
> flush(stderr()); flush(stdout())
> 
> ### Name: ds_extreme_obs
> ### Title: Extreme observations
> ### Aliases: ds_extreme_obs
> 
> ### ** Examples
> 
> ds_extreme_obs(mtcarz, mpg)
# A tibble: 10  3
   type  value index
   <chr> <dbl> <int>
 1 high   33.9    20
 2 high   32.4    18
 3 high   30.4    19
 4 high   30.4    28
 5 high   27.3    26
 6 low    10.4    15
 7 low    10.4    16
 8 low    13.3    24
 9 low    14.3     7
10 low    14.7    17
> 
> 
> 
> 
> cleanEx()
> nameEx("ds_freq_table")
> ### * ds_freq_table
> 
> flush(stderr()); flush(stdout())
> 
> ### Name: ds_freq_table
> ### Title: Frequency table
> ### Aliases: ds_freq_table plot.ds_freq_table ds_freq_cont
> 
> ### ** Examples
> 
> # categorical data
> ds_freq_table(mtcarz, cyl)
                             Variable: cyl                              
-----------------------------------------------------------------------
Levels     Frequency    Cum Frequency       Percent        Cum Percent  
-----------------------------------------------------------------------
   4          11             11              34.38            34.38    
-----------------------------------------------------------------------
   6           7             18              21.88            56.25    
-----------------------------------------------------------------------
   8          14             32              43.75             100     
-----------------------------------------------------------------------
 Total        32              -             100.00              -      
-----------------------------------------------------------------------

> 
> # barplot
> k <- ds_freq_table(mtcarz, cyl)
> plot(k)
> 
> # continuous data
> ds_freq_table(mtcarz, mpg)
                              Variable: mpg                               
|-----------------------------------------------------------------------|
|    Bins     | Frequency | Cum Frequency |   Percent    | Cum Percent  |
|-----------------------------------------------------------------------|
| 10.4 - 15.1 |     6     |       6       |    18.75     |    18.75     |
|-----------------------------------------------------------------------|
| 15.1 - 19.8 |    12     |      18       |     37.5     |    56.25     |
|-----------------------------------------------------------------------|
| 19.8 - 24.5 |     8     |      26       |      25      |    81.25     |
|-----------------------------------------------------------------------|
| 24.5 - 29.2 |     2     |      28       |     6.25     |     87.5     |
|-----------------------------------------------------------------------|
| 29.2 - 33.9 |     4     |      32       |     12.5     |     100      |
|-----------------------------------------------------------------------|
|    Total    |    32     |       -       |    100.00    |      -       |
|-----------------------------------------------------------------------|> 
> # barplot
> k <- ds_freq_table(mtcarz, mpg)
> plot(k)
> 
> 
> 
> 
> cleanEx()
> nameEx("ds_gmean")
> ### * ds_gmean
> 
> flush(stderr()); flush(stdout())
> 
> ### Name: ds_gmean
> ### Title: Geometric Mean
> ### Aliases: ds_gmean
> 
> ### ** Examples
> 
> ds_gmean(mtcars$mpg)
[1] 19.25006
> ds_gmean(mpg, mtcars)
[1] 19.25006
> 
> 
> 
> cleanEx()
> nameEx("ds_group_summary")
> ### * ds_group_summary
> 
> flush(stderr()); flush(stdout())
> 
> ### Name: ds_group_summary
> ### Title: Groupwise descriptive statistics
> ### Aliases: ds_group_summary plot.ds_group_summary
> 
> ### ** Examples
> 
> # ds_group summary
> ds_group_summary(mtcarz, cyl, mpg)
                                       mpg by cyl                                         
-----------------------------------------------------------------------------------------
|     Statistic/Levels|                    4|                    6|                    8|
-----------------------------------------------------------------------------------------
|                  Obs|                   11|                    7|                   14|
|              Minimum|                 21.4|                 17.8|                 10.4|
|              Maximum|                 33.9|                 21.4|                 19.2|
|                 Mean|                26.66|                19.74|                 15.1|
|               Median|                   26|                 19.7|                 15.2|
|                 Mode|                 22.8|                   21|                 10.4|
|       Std. Deviation|                 4.51|                 1.45|                 2.56|
|             Variance|                20.34|                 2.11|                 6.55|
|             Skewness|                 0.35|                -0.26|                -0.46|
|             Kurtosis|                -1.43|                -1.83|                 0.33|
|       Uncorrected SS|              8023.83|              2741.14|              3277.34|
|         Corrected SS|               203.39|                12.68|                 85.2|
|      Coeff Variation|                16.91|                 7.36|                16.95|
|      Std. Error Mean|                 1.36|                 0.55|                 0.68|
|                Range|                 12.5|                  3.6|                  8.8|
|  Interquartile Range|                  7.6|                 2.35|                 1.85|
-----------------------------------------------------------------------------------------
> 
> # boxplot
> k <- ds_group_summary(mtcarz, cyl, mpg)
> plot(k)
> 
> # tibble
> k$tidy_stats
# A tibble: 3  15
  cyl   length   min   max  mean median  mode    sd variance skewness kurtosis
  <fct>  <int> <dbl> <dbl> <dbl>  <dbl> <dbl> <dbl>    <dbl>    <dbl>    <dbl>
1 4         11  21.4  33.9  26.7   26    22.8  4.51    20.3     0.348   -1.43 
2 6          7  17.8  21.4  19.7   19.7  21    1.45     2.11   -0.259   -1.83 
3 8         14  10.4  19.2  15.1   15.2  10.4  2.56     6.55   -0.456    0.330
#  4 more variables: coeff_var <dbl>, std_error <dbl>, range <dbl>, iqr <dbl>
> 
> 
> 
> 
> cleanEx()
> nameEx("ds_group_summary_interact")
> ### * ds_group_summary_interact
> 
> flush(stderr()); flush(stdout())
> 
> ### Name: ds_group_summary_interact
> ### Title: Category wise descriptive statistics
> ### Aliases: ds_group_summary_interact
> 
> ### ** Examples
> 
> ds_group_summary_interact(mtcarz, mpg, cyl, gear)
# A tibble: 8  17
  cyl   gear    min   max  mean t_mean median  mode  range variance  stdev
  <chr> <chr> <dbl> <dbl> <dbl>  <dbl>  <dbl> <dbl>  <dbl>    <dbl>  <dbl>
1 4     3      21.5  21.5  21.5   21.5   21.5  21.5  0       NA     NA    
2 6     3      18.1  21.4  19.8   19.8   19.8  18.1  3.30     5.44   2.33 
3 8     3      10.4  19.2  15.0   15.0   15.2  10.4  8.8      7.70   2.77 
4 4     4      21.4  33.9  26.9   26.9   25.8  22.8 12.5     23.1    4.81 
5 6     4      17.8  21    19.8   19.8   20.1  21    3.2      2.41   1.55 
6 4     5      26    30.4  28.2   28.2   28.2  26    4.4      9.68   3.11 
7 6     5      19.7  19.7  19.7   19.7   19.7  19.7  0       NA     NA    
8 8     5      15    15.8  15.4   15.4   15.4  15    0.800    0.320  0.566
#  6 more variables: skew <dbl>, kurtosis <dbl>, coeff_var <dbl>, q1 <dbl>,
#   q3 <dbl>, iqrange <dbl>
> 
> 
> 
> 
> cleanEx()
> nameEx("ds_hmean")
> ### * ds_hmean
> 
> flush(stderr()); flush(stdout())
> 
> ### Name: ds_hmean
> ### Title: Harmonic Mean
> ### Aliases: ds_hmean
> 
> ### ** Examples
> 
> ds_hmean(mtcars$mpg)
[1] 18.44092
> ds_hmean(mpg, mtcars)
[1] 18.44092
> 
> 
> 
> cleanEx()
> nameEx("ds_kurtosis")
> ### * ds_kurtosis
> 
> flush(stderr()); flush(stdout())
> 
> ### Name: ds_kurtosis
> ### Title: Kurtosis
> ### Aliases: ds_kurtosis
> 
> ### ** Examples
> 
> ds_kurtosis(mtcars$mpg)
[1] -0.02200629
> ds_kurtosis(mpg, mtcars)
[1] -0.02200629
> 
> 
> 
> cleanEx()
> nameEx("ds_launch_shiny_app")
> ### * ds_launch_shiny_app
> 
> flush(stderr()); flush(stdout())
> 
> ### Name: ds_launch_shiny_app
> ### Title: Launch Shiny App
> ### Aliases: ds_launch_shiny_app
> 
> ### ** Examples
> 
> ## Not run: 
> ##D ds_launch_shiny_app()
> ## End(Not run)
> 
> 
> 
> cleanEx()
> nameEx("ds_mdev")
> ### * ds_mdev
> 
> flush(stderr()); flush(stdout())
> 
> ### Name: ds_mdev
> ### Title: Mean Absolute Deviation
> ### Aliases: ds_mdev
> 
> ### ** Examples
> 
> ds_mdev(mtcars$mpg)
[1] 4.714453
> ds_mdev(mpg, mtcars)
[1] 4.714453
> 
> 
> 
> cleanEx()
> nameEx("ds_measures_location")
> ### * ds_measures_location
> 
> flush(stderr()); flush(stdout())
> 
> ### Name: ds_measures_location
> ### Title: Measures of location
> ### Aliases: ds_measures_location
> 
> ### ** Examples
> 
> ds_measures_location(mtcarz)
# A tibble: 6  5
  var     mean trim_mean median   mode
  <chr>  <dbl>     <dbl>  <dbl>  <dbl>
1 disp  231.      228    196.   276.  
2 drat    3.60      3.58   3.70   3.07
3 hp    147.      144.   123    110   
4 mpg    20.1      20.0   19.2   10.4 
5 qsec   17.8      17.8   17.7   17.0 
6 wt      3.22      3.20   3.32   3.44
> ds_measures_location(mtcarz, mpg)
# A tibble: 1  5
  var    mean trim_mean median  mode
  <chr> <dbl>     <dbl>  <dbl> <dbl>
1 mpg    20.1      20.0   19.2  10.4
> ds_measures_location(mtcarz, mpg, disp)
# A tibble: 2  5
  var    mean trim_mean median  mode
  <chr> <dbl>     <dbl>  <dbl> <dbl>
1 disp  231.      228    196.  276. 
2 mpg    20.1      20.0   19.2  10.4
> 
> 
> 
> 
> cleanEx()
> nameEx("ds_measures_symmetry")
> ### * ds_measures_symmetry
> 
> flush(stderr()); flush(stdout())
> 
> ### Name: ds_measures_symmetry
> ### Title: Measures of symmetry
> ### Aliases: ds_measures_symmetry
> 
> ### ** Examples
> 
> ds_measures_symmetry(mtcarz)
# A tibble: 6  3
  var   skewness kurtosis
  <chr>    <dbl>    <dbl>
1 disp     0.420  -1.07  
2 drat     0.293  -0.450 
3 hp       0.799   0.275 
4 mpg      0.672  -0.0220
5 qsec     0.406   0.865 
6 wt       0.466   0.417 
> ds_measures_symmetry(mtcarz, mpg)
# A tibble: 1  3
  var   skewness kurtosis
  <chr>    <dbl>    <dbl>
1 mpg      0.672  -0.0220
> ds_measures_symmetry(mtcarz, mpg, disp)
# A tibble: 2  3
  var   skewness kurtosis
  <chr>    <dbl>    <dbl>
1 disp     0.420  -1.07  
2 mpg      0.672  -0.0220
> 
> 
> 
> 
> cleanEx()
> nameEx("ds_measures_variation")
> ### * ds_measures_variation
> 
> flush(stderr()); flush(stdout())
> 
> ### Name: ds_measures_variation
> ### Title: Measures of variation
> ### Aliases: ds_measures_variation
> 
> ### ** Examples
> 
> ds_measures_variation(mtcarz)
# A tibble: 6  7
  var    range    iqr  variance      sd coeff_var std_error
  <chr>  <dbl>  <dbl>     <dbl>   <dbl>     <dbl>     <dbl>
1 disp  401.   205.   15361.    124.         53.7   21.9   
2 drat    2.17   0.84     0.286   0.535      14.9    0.0945
3 hp    283     83.5   4701.     68.6        46.7   12.1   
4 mpg    23.5    7.38    36.3     6.03       30.0    1.07  
5 qsec    8.4    2.01     3.19    1.79       10.0    0.316 
6 wt      3.91   1.03     0.957   0.978      30.4    0.173 
> ds_measures_variation(mtcarz, mpg)
# A tibble: 1  7
  var   range   iqr variance    sd coeff_var std_error
  <chr> <dbl> <dbl>    <dbl> <dbl>     <dbl>     <dbl>
1 mpg    23.5  7.38     36.3  6.03      30.0      1.07
> ds_measures_variation(mtcarz, mpg, disp)
# A tibble: 2  7
  var   range    iqr variance     sd coeff_var std_error
  <chr> <dbl>  <dbl>    <dbl>  <dbl>     <dbl>     <dbl>
1 disp  401.  205.    15361.  124.        53.7     21.9 
2 mpg    23.5   7.38     36.3   6.03      30.0      1.07
> 
> 
> 
> 
> cleanEx()
> nameEx("ds_mode")
> ### * ds_mode
> 
> flush(stderr()); flush(stdout())
> 
> ### Name: ds_mode
> ### Title: Mode
> ### Aliases: ds_mode
> 
> ### ** Examples
> 
> ds_mode(mtcars$mpg)
[1] 10.4
> ds_mode(mtcars$cyl)
[1] 8
> 
> 
> 
> cleanEx()
> nameEx("ds_percentiles")
> ### * ds_percentiles
> 
> flush(stderr()); flush(stdout())
> 
> ### Name: ds_percentiles
> ### Title: Percentiles
> ### Aliases: ds_percentiles
> 
> ### ** Examples
> 
> ds_percentiles(mtcarz)
# A tibble: 6  12
  var     min  per1  per5 per10     q1 median     q3  per95  per90  per99    max
  <chr> <dbl> <dbl> <dbl> <dbl>  <dbl>  <dbl>  <dbl>  <dbl>  <dbl>  <dbl>  <dbl>
1 disp  71.1  72.5  77.4  80.6  121.   196.   326    449    396    468.   472   
2 drat   2.76  2.76  2.85  3.01   3.08   3.70   3.92   4.31   4.21   4.78   4.93
3 hp    52    55.1  63.6  66     96.5  123    180    254.   244.   313.   335   
4 mpg   10.4  10.4  12.0  14.3   15.4   19.2   22.8   31.3   30.1   33.4   33.9 
5 qsec  14.5  14.5  15.0  15.5   16.9   17.7   18.9   20.1   20.0   22.1   22.9 
6 wt     1.51  1.54  1.74  1.96   2.58   3.32   3.61   5.29   4.05   5.40   5.42
> ds_percentiles(mtcarz, mpg)
# A tibble: 1  12
  var     min  per1  per5 per10    q1 median    q3 per95 per90 per99   max
  <chr> <dbl> <dbl> <dbl> <dbl> <dbl>  <dbl> <dbl> <dbl> <dbl> <dbl> <dbl>
1 mpg    10.4  10.4  12.0  14.3  15.4   19.2  22.8  31.3  30.1  33.4  33.9
> ds_percentiles(mtcarz, mpg, disp)
# A tibble: 2  12
  var     min  per1  per5 per10    q1 median    q3 per95 per90 per99   max
  <chr> <dbl> <dbl> <dbl> <dbl> <dbl>  <dbl> <dbl> <dbl> <dbl> <dbl> <dbl>
1 disp   71.1  72.5  77.4  80.6 121.   196.  326   449   396   468.  472  
2 mpg    10.4  10.4  12.0  14.3  15.4   19.2  22.8  31.3  30.1  33.4  33.9
> 
> 
> 
> 
> cleanEx()
> nameEx("ds_plot_bar")
> ### * ds_plot_bar
> 
> flush(stderr()); flush(stdout())
> 
> ### Name: ds_plot_bar
> ### Title: Generate bar plots
> ### Aliases: ds_plot_bar
> 
> ### ** Examples
> 
> ds_plot_bar(mtcarz)
> ds_plot_bar(mtcarz, cyl)
> ds_plot_bar(mtcarz, cyl, gear)
> 
> 
> 
> 
> cleanEx()
> nameEx("ds_plot_bar_grouped")
> ### * ds_plot_bar_grouped
> 
> flush(stderr()); flush(stdout())
> 
> ### Name: ds_plot_bar_grouped
> ### Title: Generate grouped bar plots
> ### Aliases: ds_plot_bar_grouped
> 
> ### ** Examples
> 
> mt <- dplyr::select(mtcarz, cyl, gear, am)
> ds_plot_bar_grouped(mt)
> ds_plot_bar_grouped(mtcarz, cyl, gear)
> 
> 
> 
> 
> cleanEx()
> nameEx("ds_plot_bar_stacked")
> ### * ds_plot_bar_stacked
> 
> flush(stderr()); flush(stdout())
> 
> ### Name: ds_plot_bar_stacked
> ### Title: Generate stacked bar plots
> ### Aliases: ds_plot_bar_stacked
> 
> ### ** Examples
> 
> mt <- dplyr::select(mtcarz, cyl, gear, am)
> ds_plot_bar_stacked(mt)
> ds_plot_bar_stacked(mtcarz, cyl, gear)
> 
> 
> 
> 
> cleanEx()
> nameEx("ds_plot_box_group")
> ### * ds_plot_box_group
> 
> flush(stderr()); flush(stdout())
> 
> ### Name: ds_plot_box_group
> ### Title: Compare distributions
> ### Aliases: ds_plot_box_group
> 
> ### ** Examples
> 
> mt <- dplyr::select(mtcarz, cyl, disp, mpg)
> ds_plot_box_group(mt)
> ds_plot_box_group(mtcarz, cyl, gear, mpg)
> 
> 
> 
> 
> cleanEx()
> nameEx("ds_plot_box_single")
> ### * ds_plot_box_single
> 
> flush(stderr()); flush(stdout())
> 
> ### Name: ds_plot_box_single
> ### Title: Generate box plots
> ### Aliases: ds_plot_box_single
> 
> ### ** Examples
> 
> ds_plot_box_single(mtcarz)
> ds_plot_box_single(mtcarz, mpg)
> ds_plot_box_single(mtcarz, mpg, disp, hp)
> 
> 
> 
> 
> cleanEx()
> nameEx("ds_plot_density")
> ### * ds_plot_density
> 
> flush(stderr()); flush(stdout())
> 
> ### Name: ds_plot_density
> ### Title: Generate density plots
> ### Aliases: ds_plot_density
> 
> ### ** Examples
> 
> ds_plot_density(mtcarz)
> ds_plot_density(mtcarz, mpg)
> ds_plot_density(mtcarz, mpg, disp, hp)
> 
> 
> 
> 
> cleanEx()
> nameEx("ds_plot_histogram")
> ### * ds_plot_histogram
> 
> flush(stderr()); flush(stdout())
> 
> ### Name: ds_plot_histogram
> ### Title: Generate histograms
> ### Aliases: ds_plot_histogram
> 
> ### ** Examples
> 
> ds_plot_histogram(mtcarz)
> ds_plot_histogram(mtcarz, mpg)
> ds_plot_histogram(mtcarz, mpg, disp, hp)
> 
> 
> 
> 
> cleanEx()
> nameEx("ds_plot_scatter")
> ### * ds_plot_scatter
> 
> flush(stderr()); flush(stdout())
> 
> ### Name: ds_plot_scatter
> ### Title: Generate scatter plots
> ### Aliases: ds_plot_scatter
> 
> ### ** Examples
> 
> ds_plot_scatter(mtcarz)
> ds_plot_scatter(mtcarz, mpg, disp)
> 
> 
> 
> 
> cleanEx()
> nameEx("ds_range")
> ### * ds_range
> 
> flush(stderr()); flush(stdout())
> 
> ### Name: ds_range
> ### Title: Range
> ### Aliases: ds_range
> 
> ### ** Examples
> 
> ds_range(mtcars$mpg)
[1] 23.5
> ds_range(mpg, mtcars)
[1] 23.5
> 
> 
> 
> cleanEx()
> nameEx("ds_rindex")
> ### * ds_rindex
> 
> flush(stderr()); flush(stdout())
> 
> ### Name: ds_rindex
> ### Title: Index Values
> ### Aliases: ds_rindex
> 
> ### ** Examples
> 
> ds_rindex(mtcars$mpg, 21)
[1] 1 2
> ds_rindex(mtcars$mpg, 22)
NULL
> 
> 
> 
> cleanEx()
> nameEx("ds_screener")
> ### * ds_screener
> 
> flush(stderr()); flush(stdout())
> 
> ### Name: ds_screener
> ### Title: Screen data
> ### Aliases: ds_screener plot.ds_screener
> 
> ### ** Examples
> 
> # screen data
> ds_screener(mtcarz)
-----------------------------------------------------------------------
|  Column Name  |  Data Type  |  Levels   |  Missing  |  Missing (%)  |
-----------------------------------------------------------------------
|      mpg      |   numeric   |    NA     |     0     |       0       |
|      cyl      |   factor    |   4 6 8   |     0     |       0       |
|     disp      |   numeric   |    NA     |     0     |       0       |
|      hp       |   numeric   |    NA     |     0     |       0       |
|     drat      |   numeric   |    NA     |     0     |       0       |
|      wt       |   numeric   |    NA     |     0     |       0       |
|     qsec      |   numeric   |    NA     |     0     |       0       |
|      vs       |   factor    |    0 1    |     0     |       0       |
|      am       |   factor    |    0 1    |     0     |       0       |
|     gear      |   factor    |   3 4 5   |     0     |       0       |
|     carb      |   factor    |1 2 3 4 6 8|     0     |       0       |
-----------------------------------------------------------------------

 Overall Missing Values           0 
 Percentage of Missing Values     0 %
 Rows with Missing Values         0 
 Columns With Missing Values      0 
> ds_screener(airquality)
----------------------------------------------------------------------
|  Column Name  |  Data Type  |  Levels  |  Missing  |  Missing (%)  |
----------------------------------------------------------------------
|     Ozone     |   integer   |    NA    |    37     |     24.18     |
|    Solar.R    |   integer   |    NA    |     7     |     4.58      |
|     Wind      |   numeric   |    NA    |     0     |       0       |
|     Temp      |   integer   |    NA    |     0     |       0       |
|     Month     |   integer   |    NA    |     0     |       0       |
|      Day      |   integer   |    NA    |     0     |       0       |
----------------------------------------------------------------------

 Overall Missing Values           44 
 Percentage of Missing Values     4.79 %
 Rows with Missing Values         42 
 Columns With Missing Values      2 
> 
> # plot
> x <- ds_screener(airquality)
> plot(x)
> 
> 
> 
> 
> cleanEx()
> nameEx("ds_skewness")
> ### * ds_skewness
> 
> flush(stderr()); flush(stdout())
> 
> ### Name: ds_skewness
> ### Title: Skewness
> ### Aliases: ds_skewness
> 
> ### ** Examples
> 
> ds_skewness(mtcars$mpg)
[1] 0.6723771
> ds_skewness(mpg, mtcars)
[1] 0.6723771
> 
> 
> 
> cleanEx()
> nameEx("ds_std_error")
> ### * ds_std_error
> 
> flush(stderr()); flush(stdout())
> 
> ### Name: ds_std_error
> ### Title: Standard error of mean
> ### Aliases: ds_std_error
> 
> ### ** Examples
> 
> ds_std_error(mtcars$mpg)
[1] 1.065424
> 
> 
> 
> 
> cleanEx()
> nameEx("ds_summary_stats")
> ### * ds_summary_stats
> 
> flush(stderr()); flush(stdout())
> 
> ### Name: ds_summary_stats
> ### Title: Descriptive statistics
> ### Aliases: ds_summary_stats
> 
> ### ** Examples
> 
> ds_summary_stats(mtcarz, mpg)
-------------------------------- Variable: mpg --------------------------------

                        Univariate Analysis                          

 N                       32.00      Variance                36.32 
 Missing                  0.00      Std Deviation            6.03 
 Mean                    20.09      Range                   23.50 
 Median                  19.20      Interquartile Range      7.38 
 Mode                    10.40      Uncorrected SS       14042.31 
 Trimmed Mean            19.95      Corrected SS          1126.05 
 Skewness                 0.67      Coeff Variation         30.00 
 Kurtosis                -0.02      Std Error Mean           1.07 

                              Quantiles                               

              Quantile                            Value                

             Max                                  33.90                
             99%                                  33.44                
             95%                                  31.30                
             90%                                  30.09                
             Q3                                   22.80                
             Median                               19.20                
             Q1                                   15.43                
             10%                                  14.34                
             5%                                   12.00                
             1%                                   10.40                
             Min                                  10.40                

                            Extreme Values                            

                Low                                High                

  Obs                        Value       Obs                        Value 
  15                         10.4        20                         33.9  
  16                         10.4        18                         32.4  
  24                         13.3        19                         30.4  
   7                         14.3        28                         30.4  
  17                         14.7        26                         27.3  



> 
> 
> 
> 
> cleanEx()
> nameEx("ds_tailobs")
> ### * ds_tailobs
> 
> flush(stderr()); flush(stdout())
> 
> ### Name: ds_tailobs
> ### Title: Tail Observations
> ### Aliases: ds_tailobs
> 
> ### ** Examples
> 
> ds_tailobs(mtcarz$mpg, 5)
[1] 10.4 10.4 13.3 14.3 14.7
> ds_tailobs(mtcarz$mpg, 5, type = "high")
[1] 33.9 32.4 30.4 30.4 27.3
> 
> 
> 
> cleanEx()
> nameEx("ds_tidy_stats")
> ### * ds_tidy_stats
> 
> flush(stderr()); flush(stdout())
> 
> ### Name: ds_tidy_stats
> ### Title: Tidy descriptive statistics
> ### Aliases: ds_tidy_stats ds_multi_stats
> 
> ### ** Examples
> 
> ds_tidy_stats(mtcarz)
# A tibble: 6  16
  vars    min    max   mean t_mean median   mode  range  variance   stdev  skew
  <chr> <dbl>  <dbl>  <dbl>  <dbl>  <dbl>  <dbl>  <dbl>     <dbl>   <dbl> <dbl>
1 disp  71.1  472    231.   228    196.   276.   401.   15361.    124.    0.420
2 drat   2.76   4.93   3.60   3.58   3.70   3.07   2.17     0.286   0.535 0.293
3 hp    52    335    147.   144.   123    110    283     4701.     68.6   0.799
4 mpg   10.4   33.9   20.1   20.0   19.2   10.4   23.5     36.3     6.03  0.672
5 qsec  14.5   22.9   17.8   17.8   17.7   17.0    8.4      3.19    1.79  0.406
6 wt     1.51   5.42   3.22   3.20   3.32   3.44   3.91     0.957   0.978 0.466
#  5 more variables: kurtosis <dbl>, coeff_var <dbl>, q1 <dbl>, q3 <dbl>,
#   iqrange <dbl>
> ds_tidy_stats(mtcarz, mpg, disp, hp)
# A tibble: 3  16
  vars    min   max  mean t_mean median  mode range variance  stdev  skew
  <chr> <dbl> <dbl> <dbl>  <dbl>  <dbl> <dbl> <dbl>    <dbl>  <dbl> <dbl>
1 disp   71.1 472   231.   228    196.  276.  401.   15361.  124.   0.420
2 hp     52   335   147.   144.   123   110   283     4701.   68.6  0.799
3 mpg    10.4  33.9  20.1   20.0   19.2  10.4  23.5     36.3   6.03 0.672
#  5 more variables: kurtosis <dbl>, coeff_var <dbl>, q1 <dbl>, q3 <dbl>,
#   iqrange <dbl>
> 
> 
> 
> 
> ### * <FOOTER>
> ###
> cleanEx()
> options(digits = 7L)
> base::cat("Time elapsed: ", proc.time() - base::get("ptime", pos = 'CheckExEnv'),"\n")
Time elapsed:  75.08 2.66 128.33 NA NA 
> grDevices::dev.off()
null device 
          1 
> ###
> ### Local variables: ***
> ### mode: outline-minor ***
> ### outline-regexp: "\\(> \\)?### [*]+" ***
> ### End: ***
> quit('no')
